adzom-2000 50 / 205
adzom-2000 100 / 205
adzom-2000 150 / 205
adzom-2000 200 / 205
DONE adzom-2000 205 37358206
dege-W1ER7 50 / 111
dege-W1ER7 100 / 111
DONE dege-W1ER7 111 62581344
tsamdrak-1982 50 / 172
tsamdrak-1982 100 / 172
tsamdrak-1982 150 / 172
DONE tsamdrak-1982 172 14570439
tharpaling-1983 50 / 147
tharpaling-1983 100 / 147
DONE tharpaling-1983 147 5413594
tingkye-1973 50 / 145
tingkye-1973 100 / 145
DONE tingkye-1973 145 13011254
dzongsar-manuscript 50 / 248
dzongsar-manuscript 100 / 248
dzongsar-manuscript 150 / 248
dzongsar-manuscript 200 / 248
DONE dzongsar-manuscript 248 85329447
langtang-manuscript 50 / 212
langtang-manuscript 100 / 212
langtang-manuscript 150 / 212
langtang-manuscript 200 / 212
DONE langtang-manuscript 212 106837615
seventeen-tantras-W1ER119 50 / 168
seventeen-tantras-W1ER119 100 / 168
seventeen-tantras-W1ER119 150 / 168
DONE seventeen-tantras-W1ER119 168 69538889
khams-zhichen-manuscript 50 / 201
khams-zhichen-manuscript 100 / 201
khams-zhichen-manuscript 150 / 201
khams-zhichen-manuscript 200 / 201
DONE khams-zhichen-manuscript 201 49507170
gadkar-manuscript 50 / 177
gadkar-manuscript 100 / 177
gadkar-manuscript 150 / 177
DONE gadkar-manuscript 177 107950286
